src/controllers/staff.controller.ts(3,31): error TS2307: Cannot find module '../services/staff.service' or its corresponding type declarations.
src/controllers/staff.controller.ts(4,28): error TS2835: Relative import paths need explicit file extensions in ECMAScript imports when '--moduleResolution' is 'node16' or 'nodenext'. Did you mean '../utils/catchAsync.js'?
src/controllers/staff.controller.ts(7,68): error TS2339: Property 'files' does not exist on type 'Request<ParamsDictionary, any, any, ParsedQs, Record<string, any>>'.
src/middlewares/multer.middleware.ts(1,20): error TS2307: Cannot find module 'multer' or its corresponding type declarations.
src/middlewares/multer.middleware.ts(2,26): error TS2834: Relative import paths need explicit file extensions in ECMAScript imports when '--moduleResolution' is 'node16' or 'nodenext'. Consider adding an extension to the import path.
src/middlewares/validate.middleware.ts(2,10): error TS2724: '"zod"' has no exported member named 'AnyZodObject'. Did you mean 'ZodObject'?
src/middlewares/validate.middleware.ts(18,25): error TS2339: Property 'errors' does not exist on type 'ZodError<unknown>'.
src/middlewares/validate.middleware.ts(18,36): error TS7006: Parameter 'e' implicitly has an 'any' type.
src/services/staff.service.ts(2,31): error TS2307: Cannot find module '../models/staff.model' or its corresponding type declarations.
src/services/staff.service.ts(3,36): error TS2834: Relative import paths need explicit file extensions in ECMAScript imports when '--moduleResolution' is 'node16' or 'nodenext'. Consider adding an extension to the import path.
